[2026-09-29 01:25:07,135][chronos.chronos2.pipeline][INFO] - Finetuned model saved to /fslarge/scratch/users/h61084/codes/fine_time/outputs/task_finetuning/checkpoints/chronos2/Australia_Solar/H/long/run_0/finetuned-ckpt
[2026-09-29 01:25:22,103][chronos.chronos2.pipeline][INFO] - Finetuned model saved to /fslarge/scratch/users/h61084/codes/fine_time/outputs/task_finetuning/checkpoints/chronos2/Australia_Solar/H/medium/run_0/finetuned-ckpt
[2026-09-29 01:25:37,134][chronos.chronos2.pipeline][INFO] - Finetuned model saved to /fslarge/scratch/users/h61084/codes/fine_time/outputs/task_finetuning/checkpoints/chronos2/Australia_Solar/H/short/run_0/finetuned-ckpt
[2026-09-29 01:25:43,467][chronos.chronos2.pipeline][INFO] - Finetuned model saved to /fslarge/scratch/users/h61084/codes/fine_time/outputs/task_finetuning/checkpoints/chronos2/Auto_Production_SF/M/short/run_0/finetuned-ckpt
[2026-09-29 01:25:57,038][chronos.chronos2.pipeline][INFO] - Finetuned model saved to /fslarge/scratch/users/h61084/codes/fine_time/outputs/task_finetuning/checkpoints/chronos2/CPHL/15T/long/run_0/finetuned-ckpt
[2026-09-29 01:26:10,356][chronos.chronos2.pipeline][INFO] - Finetuned model saved to /fslarge/scratch/users/h61084/codes/fine_time/outputs/task_finetuning/checkpoints/chronos2/CPHL/15T/medium/run_0/finetuned-ckpt
[2026-09-29 01:26:23,870][chronos.chronos2.pipeline][INFO] - Finetuned model saved to /fslarge/scratch/users/h61084/codes/fine_time/outputs/task_finetuning/checkpoints/chronos2/CPHL/15T/short/run_0/finetuned-ckpt
[2026-09-29 01:26:38,872][chronos.chronos2.pipeline][INFO] - Finetuned model saved to /fslarge/scratch/users/h61084/codes/fine_time/outputs/task_finetuning/checkpoints/chronos2/CPHL/30T/long/run_0/finetuned-ckpt
[2026-09-29 01:26:53,712][chronos.chronos2.pipeline][INFO] - Finetuned model saved to /fslarge/scratch/users/h61084/codes/fine_time/outputs/task_finetuning/checkpoints/chronos2/CPHL/30T/medium/run_0/finetuned-ckpt
[2026-09-29 01:27:08,707][chronos.chronos2.pipeline][INFO] - Finetuned model saved to /fslarge/scratch/users/h61084/codes/fine_time/outputs/task_finetuning/checkpoints/chronos2/CPHL/30T/short/run_0/finetuned-ckpt
[2026-09-29 01:27:20,707][chronos.chronos2.pipeline][INFO] - Finetuned model saved to /fslarge/scratch/users/h61084/codes/fine_time/outputs/task_finetuning/checkpoints/chronos2/CPHL/H/long/run_0/finetuned-ckpt
[2026-09-29 01:27:32,916][chronos.chronos2.pipeline][INFO] - Finetuned model saved to /fslarge/scratch/users/h61084/codes/fine_time/outputs/task_finetuning/checkpoints/chronos2/CPHL/H/medium/run_0/finetuned-ckpt
[2026-09-29 01:27:45,148][chronos.chronos2.pipeline][INFO] - Finetuned model saved to /fslarge/scratch/users/h61084/codes/fine_time/outputs/task_finetuning/checkpoints/chronos2/CPHL/H/short/run_0/finetuned-ckpt
[2026-09-29 01:28:00,883][chronos.chronos2.pipeline][INFO] - Finetuned model saved to /fslarge/scratch/users/h61084/codes/fine_time/outputs/task_finetuning/checkpoints/chronos2/Coastal_T_S/15T/long/run_0/finetuned-ckpt
[2026-09-29 01:28:16,258][chronos.chronos2.pipeline][INFO] - Finetuned model saved to /fslarge/scratch/users/h61084/codes/fine_time/outputs/task_finetuning/checkpoints/chronos2/Coastal_T_S/15T/medium/run_0/finetuned-ckpt
[2026-09-29 01:28:31,540][chronos.chronos2.pipeline][INFO] - Finetuned model saved to /fslarge/scratch/users/h61084/codes/fine_time/outputs/task_finetuning/checkpoints/chronos2/Coastal_T_S/15T/short/run_0/finetuned-ckpt
[2026-09-29 01:28:42,698][chronos.chronos2.pipeline][INFO] - Finetuned model saved to /fslarge/scratch/users/h61084/codes/fine_time/outputs/task_finetuning/checkpoints/chronos2/Coastal_T_S/20T/long/run_0/finetuned-ckpt
[2026-09-29 01:28:53,725][chronos.chronos2.pipeline][INFO] - Finetuned model saved to /fslarge/scratch/users/h61084/codes/fine_time/outputs/task_finetuning/checkpoints/chronos2/Coastal_T_S/20T/medium/run_0/finetuned-ckpt
[2026-09-29 01:29:04,770][chronos.chronos2.pipeline][INFO] - Finetuned model saved to /fslarge/scratch/users/h61084/codes/fine_time/outputs/task_finetuning/checkpoints/chronos2/Coastal_T_S/20T/short/run_0/finetuned-ckpt
[2026-09-29 01:29:16,260][chronos.chronos2.pipeline][INFO] - Finetuned model saved to /fslarge/scratch/users/h61084/codes/fine_time/outputs/task_finetuning/checkpoints/chronos2/Coastal_T_S/H/long/run_0/finetuned-ckpt
[2026-09-29 01:29:27,770][chronos.chronos2.pipeline][INFO] - Finetuned model saved to /fslarge/scratch/users/h61084/codes/fine_time/outputs/task_finetuning/checkpoints/chronos2/Coastal_T_S/H/medium/run_0/finetuned-ckpt
[2026-09-29 01:29:39,319][chronos.chronos2.pipeline][INFO] - Finetuned model saved to /fslarge/scratch/users/h61084/codes/fine_time/outputs/task_finetuning/checkpoints/chronos2/Coastal_T_S/H/short/run_0/finetuned-ckpt
[2026-09-29 01:29:46,350][chronos.chronos2.pipeline][INFO] - Finetuned model saved to /fslarge/scratch/users/h61084/codes/fine_time/outputs/task_finetuning/checkpoints/chronos2/Commodity_Import/M/short/run_0/finetuned-ckpt
[2026-09-29 01:29:52,855][chronos.chronos2.pipeline][INFO] - Finetuned model saved to /fslarge/scratch/users/h61084/codes/fine_time/outputs/task_finetuning/checkpoints/chronos2/Commodity_Production/M/short/run_0/finetuned-ckpt
[2026-09-29 01:29:59,782][chronos.chronos2.pipeline][INFO] - Finetuned model saved to /fslarge/scratch/users/h61084/codes/fine_time/outputs/task_finetuning/checkpoints/chronos2/Crypto/D/short/run_0/finetuned-ckpt
[2026-09-29 01:30:06,005][chronos.chronos2.pipeline][INFO] - Finetuned model saved to /fslarge/scratch/users/h61084/codes/fine_time/outputs/task_finetuning/checkpoints/chronos2/ECDC_COVID/D/short/run_0/finetuned-ckpt
[2026-09-29 01:30:12,210][chronos.chronos2.pipeline][INFO] - Finetuned model saved to /fslarge/scratch/users/h61084/codes/fine_time/outputs/task_finetuning/checkpoints/chronos2/ECDC_COVID/W/short/run_0/finetuned-ckpt
[2026-09-29 01:30:28,247][chronos.chronos2.pipeline][INFO] - Finetuned model saved to /fslarge/scratch/users/h61084/codes/fine_time/outputs/task_finetuning/checkpoints/chronos2/EWELD_Load/15T/long/run_0/finetuned-ckpt
[2026-09-29 01:30:43,624][chronos.chronos2.pipeline][INFO] - Finetuned model saved to /fslarge/scratch/users/h61084/codes/fine_time/outputs/task_finetuning/checkpoints/chronos2/EWELD_Load/15T/medium/run_0/finetuned-ckpt
[2026-09-29 01:30:59,160][chronos.chronos2.pipeline][INFO] - Finetuned model saved to /fslarge/scratch/users/h61084/codes/fine_time/outputs/task_finetuning/checkpoints/chronos2/EWELD_Load/15T/short/run_0/finetuned-ckpt
[2026-09-29 01:31:15,733][chronos.chronos2.pipeline][INFO] - Finetuned model saved to /fslarge/scratch/users/h61084/codes/fine_time/outputs/task_finetuning/checkpoints/chronos2/Finland_Traffic/15T/long/run_0/finetuned-ckpt
[2026-09-29 01:31:31,286][chronos.chronos2.pipeline][INFO] - Finetuned model saved to /fslarge/scratch/users/h61084/codes/fine_time/outputs/task_finetuning/checkpoints/chronos2/Finland_Traffic/15T/medium/run_0/finetuned-ckpt
[2026-09-29 01:31:46,783][chronos.chronos2.pipeline][INFO] - Finetuned model saved to /fslarge/scratch/users/h61084/codes/fine_time/outputs/task_finetuning/checkpoints/chronos2/Finland_Traffic/15T/short/run_0/finetuned-ckpt
[2026-09-29 01:31:53,312][chronos.chronos2.pipeline][INFO] - Finetuned model saved to /fslarge/scratch/users/h61084/codes/fine_time/outputs/task_finetuning/checkpoints/chronos2/Global_Influenza/W/short/run_0/finetuned-ckpt
[2026-09-29 01:31:59,510][chronos.chronos2.pipeline][INFO] - Finetuned model saved to /fslarge/scratch/users/h61084/codes/fine_time/outputs/task_finetuning/checkpoints/chronos2/Global_Price/Q/short/run_0/finetuned-ckpt
[2026-09-29 01:32:05,949][chronos.chronos2.pipeline][INFO] - Finetuned model saved to /fslarge/scratch/users/h61084/codes/fine_time/outputs/task_finetuning/checkpoints/chronos2/Housing_Inventory/M/short/run_0/finetuned-ckpt
[2026-09-29 01:32:12,145][chronos.chronos2.pipeline][INFO] - Finetuned model saved to /fslarge/scratch/users/h61084/codes/fine_time/outputs/task_finetuning/checkpoints/chronos2/JOLTS/M/short/run_0/finetuned-ckpt
[2026-09-29 01:32:18,292][chronos.chronos2.pipeline][INFO] - Finetuned model saved to /fslarge/scratch/users/h61084/codes/fine_time/outputs/task_finetuning/checkpoints/chronos2/Job_Claims/W/short/run_0/finetuned-ckpt
[2026-09-29 01:32:34,015][chronos.chronos2.pipeline][INFO] - Finetuned model saved to /fslarge/scratch/users/h61084/codes/fine_time/outputs/task_finetuning/checkpoints/chronos2/MetroPT-3/5T/long/run_0/finetuned-ckpt
[2026-09-29 01:32:49,505][chronos.chronos2.pipeline][INFO] - Finetuned model saved to /fslarge/scratch/users/h61084/codes/fine_time/outputs/task_finetuning/checkpoints/chronos2/MetroPT-3/5T/medium/run_0/finetuned-ckpt
[2026-09-29 01:33:04,552][chronos.chronos2.pipeline][INFO] - Finetuned model saved to /fslarge/scratch/users/h61084/codes/fine_time/outputs/task_finetuning/checkpoints/chronos2/MetroPT-3/5T/short/run_0/finetuned-ckpt
[2026-09-29 01:33:17,625][chronos.chronos2.pipeline][INFO] - Finetuned model saved to /fslarge/scratch/users/h61084/codes/fine_time/outputs/task_finetuning/checkpoints/chronos2/NE_China_Wind/H/long/run_0/finetuned-ckpt
[2026-09-29 01:33:30,744][chronos.chronos2.pipeline][INFO] - Finetuned model saved to /fslarge/scratch/users/h61084/codes/fine_time/outputs/task_finetuning/checkpoints/chronos2/NE_China_Wind/H/medium/run_0/finetuned-ckpt
[2026-09-29 01:33:43,889][chronos.chronos2.pipeline][INFO] - Finetuned model saved to /fslarge/scratch/users/h61084/codes/fine_time/outputs/task_finetuning/checkpoints/chronos2/NE_China_Wind/H/short/run_0/finetuned-ckpt
[2026-09-29 01:33:52,611][chronos.chronos2.pipeline][INFO] - Finetuned model saved to /fslarge/scratch/users/h61084/codes/fine_time/outputs/task_finetuning/checkpoints/chronos2/Oil_Price/B/short/run_0/finetuned-ckpt
[2026-09-29 01:33:59,059][chronos.chronos2.pipeline][INFO] - Finetuned model saved to /fslarge/scratch/users/h61084/codes/fine_time/outputs/task_finetuning/checkpoints/chronos2/Online_Retail_2_UCI/D/short/run_0/finetuned-ckpt
[2026-09-29 01:34:14,887][chronos.chronos2.pipeline][INFO] - Finetuned model saved to /fslarge/scratch/users/h61084/codes/fine_time/outputs/task_finetuning/checkpoints/chronos2/OpenElectricity_NEM/5T/long/run_0/finetuned-ckpt
[2026-09-29 01:34:30,652][chronos.chronos2.pipeline][INFO] - Finetuned model saved to /fslarge/scratch/users/h61084/codes/fine_time/outputs/task_finetuning/checkpoints/chronos2/OpenElectricity_NEM/5T/medium/run_0/finetuned-ckpt
[2026-09-29 01:34:46,296][chronos.chronos2.pipeline][INFO] - Finetuned model saved to /fslarge/scratch/users/h61084/codes/fine_time/outputs/task_finetuning/checkpoints/chronos2/OpenElectricity_NEM/5T/short/run_0/finetuned-ckpt
[2026-09-29 01:34:53,057][chronos.chronos2.pipeline][INFO] - Finetuned model saved to /fslarge/scratch/users/h61084/codes/fine_time/outputs/task_finetuning/checkpoints/chronos2/Port_Activity/D/short/run_0/finetuned-ckpt
[2026-09-29 01:34:59,505][chronos.chronos2.pipeline][INFO] - Finetuned model saved to /fslarge/scratch/users/h61084/codes/fine_time/outputs/task_finetuning/checkpoints/chronos2/Port_Activity/W/short/run_0/finetuned-ckpt
[2026-09-29 01:35:15,905][chronos.chronos2.pipeline][INFO] - Finetuned model saved to /fslarge/scratch/users/h61084/codes/fine_time/outputs/task_finetuning/checkpoints/chronos2/SG_Carpark/15T/long/run_0/finetuned-ckpt
[2026-09-29 01:35:31,499][chronos.chronos2.pipeline][INFO] - Finetuned model saved to /fslarge/scratch/users/h61084/codes/fine_time/outputs/task_finetuning/checkpoints/chronos2/SG_Carpark/15T/medium/run_0/finetuned-ckpt
[2026-09-29 01:35:46,909][chronos.chronos2.pipeline][INFO] - Finetuned model saved to /fslarge/scratch/users/h61084/codes/fine_time/outputs/task_finetuning/checkpoints/chronos2/SG_Carpark/15T/short/run_0/finetuned-ckpt
[2026-09-29 01:36:02,556][chronos.chronos2.pipeline][INFO] - Finetuned model saved to /fslarge/scratch/users/h61084/codes/fine_time/outputs/task_finetuning/checkpoints/chronos2/SG_PM25/H/long/run_0/finetuned-ckpt
[2026-09-29 01:36:18,205][chronos.chronos2.pipeline][INFO] - Finetuned model saved to /fslarge/scratch/users/h61084/codes/fine_time/outputs/task_finetuning/checkpoints/chronos2/SG_PM25/H/medium/run_0/finetuned-ckpt
[2026-09-29 01:36:33,789][chronos.chronos2.pipeline][INFO] - Finetuned model saved to /fslarge/scratch/users/h61084/codes/fine_time/outputs/task_finetuning/checkpoints/chronos2/SG_PM25/H/short/run_0/finetuned-ckpt
[2026-09-29 01:36:40,419][chronos.chronos2.pipeline][INFO] - Finetuned model saved to /fslarge/scratch/users/h61084/codes/fine_time/outputs/task_finetuning/checkpoints/chronos2/SG_Weather/D/long/run_0/finetuned-ckpt
[2026-09-29 01:36:46,850][chronos.chronos2.pipeline][INFO] - Finetuned model saved to /fslarge/scratch/users/h61084/codes/fine_time/outputs/task_finetuning/checkpoints/chronos2/SG_Weather/D/medium/run_0/finetuned-ckpt
[2026-09-29 01:36:53,322][chronos.chronos2.pipeline][INFO] - Finetuned model saved to /fslarge/scratch/users/h61084/codes/fine_time/outputs/task_finetuning/checkpoints/chronos2/SG_Weather/D/short/run_0/finetuned-ckpt
[2026-09-29 01:36:59,845][chronos.chronos2.pipeline][INFO] - Finetuned model saved to /fslarge/scratch/users/h61084/codes/fine_time/outputs/task_finetuning/checkpoints/chronos2/Smart_Manufacturing/H/long/run_0/finetuned-ckpt
[2026-09-29 01:37:06,500][chronos.chronos2.pipeline][INFO] - Finetuned model saved to /fslarge/scratch/users/h61084/codes/fine_time/outputs/task_finetuning/checkpoints/chronos2/Smart_Manufacturing/H/medium/run_0/finetuned-ckpt
[2026-09-29 01:37:13,056][chronos.chronos2.pipeline][INFO] - Finetuned model saved to /fslarge/scratch/users/h61084/codes/fine_time/outputs/task_finetuning/checkpoints/chronos2/Smart_Manufacturing/H/short/run_0/finetuned-ckpt
[2026-09-29 01:37:19,431][chronos.chronos2.pipeline][INFO] - Finetuned model saved to /fslarge/scratch/users/h61084/codes/fine_time/outputs/task_finetuning/checkpoints/chronos2/Supply_Chain_Customer/D/short/run_0/finetuned-ckpt
[2026-09-29 01:37:25,745][chronos.chronos2.pipeline][INFO] - Finetuned model saved to /fslarge/scratch/users/h61084/codes/fine_time/outputs/task_finetuning/checkpoints/chronos2/Supply_Chain_Location/D/short/run_0/finetuned-ckpt
[2026-09-29 01:37:32,180][chronos.chronos2.pipeline][INFO] - Finetuned model saved to /fslarge/scratch/users/h61084/codes/fine_time/outputs/task_finetuning/checkpoints/chronos2/US_Labor/M/short/run_0/finetuned-ckpt
[2026-09-29 01:37:46,920][chronos.chronos2.pipeline][INFO] - Finetuned model saved to /fslarge/scratch/users/h61084/codes/fine_time/outputs/task_finetuning/checkpoints/chronos2/US_Term_Structure/B/short/run_0/finetuned-ckpt
[2026-09-29 01:37:53,344][chronos.chronos2.pipeline][INFO] - Finetuned model saved to /fslarge/scratch/users/h61084/codes/fine_time/outputs/task_finetuning/checkpoints/chronos2/Uncertainty_1M/M/short/run_0/finetuned-ckpt
[2026-09-29 01:37:59,492][chronos.chronos2.pipeline][INFO] - Finetuned model saved to /fslarge/scratch/users/h61084/codes/fine_time/outputs/task_finetuning/checkpoints/chronos2/Vehicle_Sales/M/short/run_0/finetuned-ckpt
[2026-09-29 01:38:05,644][chronos.chronos2.pipeline][INFO] - Finetuned model saved to /fslarge/scratch/users/h61084/codes/fine_time/outputs/task_finetuning/checkpoints/chronos2/Vehicle_Supply/M/short/run_0/finetuned-ckpt
[2026-09-29 01:38:12,104][chronos.chronos2.pipeline][INFO] - Finetuned model saved to /fslarge/scratch/users/h61084/codes/fine_time/outputs/task_finetuning/checkpoints/chronos2/WUI_Global/Q/short/run_0/finetuned-ckpt
[2026-09-29 01:38:27,469][chronos.chronos2.pipeline][INFO] - Finetuned model saved to /fslarge/scratch/users/h61084/codes/fine_time/outputs/task_finetuning/checkpoints/chronos2/Water_Quality_Darwin/15T/long/run_0/finetuned-ckpt
[2026-09-29 01:38:42,742][chronos.chronos2.pipeline][INFO] - Finetuned model saved to /fslarge/scratch/users/h61084/codes/fine_time/outputs/task_finetuning/checkpoints/chronos2/Water_Quality_Darwin/15T/medium/run_0/finetuned-ckpt
[2026-09-29 01:38:57,754][chronos.chronos2.pipeline][INFO] - Finetuned model saved to /fslarge/scratch/users/h61084/codes/fine_time/outputs/task_finetuning/checkpoints/chronos2/Water_Quality_Darwin/15T/short/run_0/finetuned-ckpt
[2026-09-29 01:39:04,418][chronos.chronos2.pipeline][INFO] - Finetuned model saved to /fslarge/scratch/users/h61084/codes/fine_time/outputs/task_finetuning/checkpoints/chronos2/azure2019_U/5T/short/run_0/finetuned-ckpt
[2026-09-29 01:39:20,135][chronos.chronos2.pipeline][INFO] - Finetuned model saved to /fslarge/scratch/users/h61084/codes/fine_time/outputs/task_finetuning/checkpoints/chronos2/current_velocity/10T/long/run_0/finetuned-ckpt
[2026-09-29 01:39:35,437][chronos.chronos2.pipeline][INFO] - Finetuned model saved to /fslarge/scratch/users/h61084/codes/fine_time/outputs/task_finetuning/checkpoints/chronos2/current_velocity/10T/medium/run_0/finetuned-ckpt
[2026-09-29 01:39:50,791][chronos.chronos2.pipeline][INFO] - Finetuned model saved to /fslarge/scratch/users/h61084/codes/fine_time/outputs/task_finetuning/checkpoints/chronos2/current_velocity/10T/short/run_0/finetuned-ckpt
[2026-09-29 01:40:06,217][chronos.chronos2.pipeline][INFO] - Finetuned model saved to /fslarge/scratch/users/h61084/codes/fine_time/outputs/task_finetuning/checkpoints/chronos2/current_velocity/15T/long/run_0/finetuned-ckpt
[2026-09-29 01:40:21,342][chronos.chronos2.pipeline][INFO] - Finetuned model saved to /fslarge/scratch/users/h61084/codes/fine_time/outputs/task_finetuning/checkpoints/chronos2/current_velocity/15T/medium/run_0/finetuned-ckpt
[2026-09-29 01:40:36,577][chronos.chronos2.pipeline][INFO] - Finetuned model saved to /fslarge/scratch/users/h61084/codes/fine_time/outputs/task_finetuning/checkpoints/chronos2/current_velocity/15T/short/run_0/finetuned-ckpt
[2026-09-29 01:40:53,247][chronos.chronos2.pipeline][INFO] - Finetuned model saved to /fslarge/scratch/users/h61084/codes/fine_time/outputs/task_finetuning/checkpoints/chronos2/current_velocity/5T/long/run_0/finetuned-ckpt
[2026-09-29 01:41:09,126][chronos.chronos2.pipeline][INFO] - Finetuned model saved to /fslarge/scratch/users/h61084/codes/fine_time/outputs/task_finetuning/checkpoints/chronos2/current_velocity/5T/medium/run_0/finetuned-ckpt
[2026-09-29 01:41:24,613][chronos.chronos2.pipeline][INFO] - Finetuned model saved to /fslarge/scratch/users/h61084/codes/fine_time/outputs/task_finetuning/checkpoints/chronos2/current_velocity/5T/short/run_0/finetuned-ckpt
[2026-09-29 01:41:32,541][chronos.chronos2.pipeline][INFO] - Finetuned model saved to /fslarge/scratch/users/h61084/codes/fine_time/outputs/task_finetuning/checkpoints/chronos2/current_velocity/H/long/run_0/finetuned-ckpt
[2026-09-29 01:41:40,155][chronos.chronos2.pipeline][INFO] - Finetuned model saved to /fslarge/scratch/users/h61084/codes/fine_time/outputs/task_finetuning/checkpoints/chronos2/current_velocity/H/medium/run_0/finetuned-ckpt
[2026-09-29 01:41:47,822][chronos.chronos2.pipeline][INFO] - Finetuned model saved to /fslarge/scratch/users/h61084/codes/fine_time/outputs/task_finetuning/checkpoints/chronos2/current_velocity/H/short/run_0/finetuned-ckpt
[2026-09-29 01:42:03,510][chronos.chronos2.pipeline][INFO] - Finetuned model saved to /fslarge/scratch/users/h61084/codes/fine_time/outputs/task_finetuning/checkpoints/chronos2/epf_electricity_price/H/long/run_0/finetuned-ckpt
[2026-09-29 01:42:19,331][chronos.chronos2.pipeline][INFO] - Finetuned model saved to /fslarge/scratch/users/h61084/codes/fine_time/outputs/task_finetuning/checkpoints/chronos2/epf_electricity_price/H/medium/run_0/finetuned-ckpt
[2026-09-29 01:42:34,982][chronos.chronos2.pipeline][INFO] - Finetuned model saved to /fslarge/scratch/users/h61084/codes/fine_time/outputs/task_finetuning/checkpoints/chronos2/epf_electricity_price/H/short/run_0/finetuned-ckpt
